S09ISO: reclaimed 1 abandoned database(s) older than 4:00:00
....................F.......F...F.....................FF....FFFFFFF...F. [ 91%]
.FF...F                                                                  [100%]
=================================== FAILURES ===================================
E   AssertionError: assert 3 == 0
     +  where 3 = <function main at 0x7f8efd1fede0>(['--dsn', 'host=/var/run/postgresql user=ubuntu dbname=s09iso_5e9b0001_s09_durstate', '--allocation', 'opse2e-alloc', '--artifacts-root', '/tmp/pytest-of-ubuntu/pytest-2596/test_deterministic_episode_pas0/artifacts', ...])
     +    where <function main at 0x7f8efd1fede0> = run_dev_episode.main
     +    and   ['--dsn', 'host=/var/run/postgresql user=ubuntu dbname=s09iso_5e9b0001_s09_durstate', '--allocation', 'opse2e-alloc', '--artifacts-root', '/tmp/pytest-of-ubuntu/pytest-2596/test_deterministic_episode_pas0/artifacts', ...] = _argv('host=/var/run/postgresql user=ubuntu dbname=s09iso_5e9b0001_s09_durstate', 'opse2e', PosixPath('/tmp/pytest-of-ubuntu/pytest-2596/test_deterministic_episode_pas0/artifacts'), ('--gateway', 'fixture'))
----------------------------- Captured stdout call -----------------------------
dev episode refused: subsequent use refused:  Traceback (most recent call last):
  File "/home/ubuntu/AI/Agent-Society-v2/experiments/run_use.py", line 128, in <module>
    raise SystemExit(main())
                     ^^^^^^
  File "/home/ubuntu/AI/Agent-Society-v2/experiments/run_use.py", line 61, in main
    from experiments.run_dev_episode import _fixture_double, _live_adapter
ModuleNotFoundError: No module named 'experiments'
/home/ubuntu/AI/Agent-Society-v2/tests/test_dev01_ops.py:42: AssertionError: assert 3 == 0
E   AssertionError: assert 3 == 0
     +  where 3 = <function main at 0x7f8efd1fede0>(['--dsn', 'host=/var/run/postgresql user=ubuntu dbname=s09iso_5e9b0001_s09_durstate', '--allocation', 'opsrev-alloc', '--artifacts-root', '/tmp/pytest-of-ubuntu/pytest-2596/test_record_carries_source_rev0/artifacts', ...])
     +    where <function main at 0x7f8efd1fede0> = run_dev_episode.main
     +    and   ['--dsn', 'host=/var/run/postgresql user=ubuntu dbname=s09iso_5e9b0001_s09_durstate', '--allocation', 'opsrev-alloc', '--artifacts-root', '/tmp/pytest-of-ubuntu/pytest-2596/test_record_carries_source_rev0/artifacts', ...] = _argv('host=/var/run/postgresql user=ubuntu dbname=s09iso_5e9b0001_s09_durstate', 'opsrev', PosixPath('/tmp/pytest-of-ubuntu/pytest-2596/test_record_carries_source_rev0/artifacts'), ('--gateway', 'fixture'))
----------------------------- Captured stdout call -----------------------------
dev episode refused: subsequent use refused:  Traceback (most recent call last):
  File "/home/ubuntu/AI/Agent-Society-v2/experiments/run_use.py", line 128, in <module>
    raise SystemExit(main())
                     ^^^^^^
  File "/home/ubuntu/AI/Agent-Society-v2/experiments/run_use.py", line 61, in main
    from experiments.run_dev_episode import _fixture_double, _live_adapter
ModuleNotFoundError: No module named 'experiments'
/home/ubuntu/AI/Agent-Society-v2/tests/test_dev01_ops.py:265: AssertionError: assert 3 == 0
E   AssertionError: assert 3 == 0
     +  where 3 = <function main at 0x7f8efd1fede0>(['--dsn', 'host=/var/run/postgresql user=ubuntu dbname=s09iso_5e9b0001_s09_durstate', '--allocation', 'opseff-alloc', '--artifacts-root', '/tmp/pytest-of-ubuntu/pytest-2596/test_fixture_record_pins_effec0/artifacts', ...])
     +    where <function main at 0x7f8efd1fede0> = run_dev_episode.main
     +    and   ['--dsn', 'host=/var/run/postgresql user=ubuntu dbname=s09iso_5e9b0001_s09_durstate', '--allocation', 'opseff-alloc', '--artifacts-root', '/tmp/pytest-of-ubuntu/pytest-2596/test_fixture_record_pins_effec0/artifacts', ...] = _argv('host=/var/run/postgresql user=ubuntu dbname=s09iso_5e9b0001_s09_durstate', 'opseff', PosixPath('/tmp/pytest-of-ubuntu/pytest-2596/test_fixture_record_pins_effec0/artifacts'), ('--gateway', 'fixture'))
----------------------------- Captured stdout call -----------------------------
dev episode refused: subsequent use refused:  Traceback (most recent call last):
  File "/home/ubuntu/AI/Agent-Society-v2/experiments/run_use.py", line 128, in <module>
    raise SystemExit(main())
                     ^^^^^^
  File "/home/ubuntu/AI/Agent-Society-v2/experiments/run_use.py", line 61, in main
    from experiments.run_dev_episode import _fixture_double, _live_adapter
ModuleNotFoundError: No module named 'experiments'
/home/ubuntu/AI/Agent-Society-v2/tests/test_dev01_ops.py:367: AssertionError: assert 3 == 0
E   AssertionError: assert set() >= {'ctx10-t_500c0b07-op'}
      
      Extra items in the right set:
      'ctx10-t_500c0b07-op'
/home/ubuntu/AI/Agent-Society-v2/tests/test_dev02_context.py:514: AssertionError: assert set() >= {'ctx10-t_500c0b07-op'}
E   assert True is False
/home/ubuntu/AI/Agent-Society-v2/tests/test_dev02_context.py:535: assert True is False
E   AssertionError: assert 'refused' == 'incumbent'
      
      - incumbent
      + refused
/home/ubuntu/AI/Agent-Society-v2/tests/test_invr3_export.py:193: AssertionError: assert 'refused' == 'incumbent'
E   AssertionError: assert 'refused' == 'incumbent'
      
      - incumbent
      + refused
/home/ubuntu/AI/Agent-Society-v2/tests/test_invr3_export.py:193: AssertionError: assert 'refused' == 'incumbent'
E   AssertionError: assert 'refused' == 'incumbent'
      
      - incumbent
      + refused
/home/ubuntu/AI/Agent-Society-v2/tests/test_invr3_export.py:193: AssertionError: assert 'refused' == 'incumbent'
E   AssertionError: assert 'refused' == 'incumbent'
      
      - incumbent
      + refused
/home/ubuntu/AI/Agent-Society-v2/tests/test_invr3_export.py:193: AssertionError: assert 'refused' == 'incumbent'
E   AssertionError: assert 'refused' == 'incumbent'
      
      - incumbent
      + refused
/home/ubuntu/AI/Agent-Society-v2/tests/test_invr3_export.py:193: AssertionError: assert 'refused' == 'incumbent'
E   AssertionError: assert 'refused' == 'incumbent'
      
      - incumbent
      + refused
/home/ubuntu/AI/Agent-Society-v2/tests/test_invr3_export.py:193: AssertionError: assert 'refused' == 'incumbent'
E   AssertionError: assert 'refused' == 'incumbent'
      
      - incumbent
      + refused
/home/ubuntu/AI/Agent-Society-v2/tests/test_invr3_export.py:193: AssertionError: assert 'refused' == 'incumbent'
E   AssertionError: assert {} == {'n1': 'op:att1:n1'}
      
      Right contains 1 more item:
      {'n1': 'op:att1:n1'}
      Use -v to get more diff
/home/ubuntu/AI/Agent-Society-v2/tests/test_broker_dbos.py:124: AssertionError: assert {} == {'n1': 'op:att1:n1'}
E   KeyError: 'exposure'
/home/ubuntu/AI/Agent-Society-v2/tests/test_broker_prepare.py:57: KeyError: 'exposure'
E   AssertionError: assert <ResultCode.I...nvalid_input'> == <ResultCode.A...ED: 'applied'>
      
      - applied
      + invalid_input
/home/ubuntu/AI/Agent-Society-v2/tests/test_broker_prepare.py:68: AssertionError: assert <ResultCode.I...nvalid_input'> == <ResultCode.A...ED: 'applied'>
E   AssertionError: assert 'op2' in []
/home/ubuntu/AI/Agent-Society-v2/tests/test_agenda_repair.py:47: AssertionError: assert 'op2' in []
=============================== warnings summary ===============================
.venv/lib/python3.12/site-packages/fastapi/testclient.py:1
  /home/ubuntu/AI/Agent-Society-v2/.venv/lib/python3.12/site-packages/fastapi/testclient.py:1: StarletteDeprecationWarning: Using `httpx` with `starlette.testclient` is deprecated; install `httpx2` instead.
    from starlette.testclient import TestClient as TestClient  # noqa

.venv/lib/python3.12/site-packages/starlette/testclient.py:53
  /home/ubuntu/AI/Agent-Society-v2/.venv/lib/python3.12/site-packages/starlette/testclient.py:53: DeprecationWarning: The anyio.abc.BlockingPortal alias is deprecated, use anyio.from_thread.BlockingPortal instead.
    _PortalFactoryType = Callable[[], AbstractContextManager[anyio.abc.BlockingPortal]]

-- Docs: https://docs.pytest.org/en/stable/how-to/capture-warnings.html
=========================== short test summary info ============================
FAILED tests/test_dev01_ops.py::test_deterministic_episode_passes_end_to_end
FAILED tests/test_dev01_ops.py::test_record_carries_source_revision - Asserti...
FAILED tests/test_dev01_ops.py::test_fixture_record_pins_effective_caps_and_bundle
FAILED tests/test_dev02_context.py::test_resume_carries_working_state - Asser...
FAILED tests/test_dev02_context.py::test_revalidate_catches_working_state_change
FAILED tests/test_invr3_export.py::test_valid_pilot_verifies_from_independent_identities
FAILED tests/test_invr3_export.py::test_missing_use_record_fails_for_named_reason
FAILED tests/test_invr3_export.py::test_missing_transition_pair_fails_for_named_reason
FAILED tests/test_invr3_export.py::test_duplicate_use_record_fails_for_named_reason
FAILED tests/test_invr3_export.py::test_altered_query_totals_fail_for_named_reason
FAILED tests/test_invr3_export.py::test_omitted_correction_receipt_fails_for_named_reason
FAILED tests/test_invr3_export.py::test_missing_study_trajectory_fails_for_named_reason
FAILED tests/test_broker_dbos.py::test_record_step_replay_is_idempotent - Ass...
FAILED tests/test_broker_prepare.py::test_model_exposure_scales_with_retries
FAILED tests/test_broker_prepare.py::test_sandbox_prepare_reserves_hard_ceiling
FAILED tests/test_agenda_repair.py::test_repair_scan_converges_advanced_unsent
16 failed, 63 passed, 2 warnings in 243.92s (0:04:03)
S09ISO: dropped 2 database(s) for this run
