..........................FFF...FF...F..................F..              [100%]
=================================== FAILURES ===================================
E   AssertionError: assert 'refused' == 'acquired-sw-alee01'
      
      - acquired-sw-alee01
      + refused
/home/ubuntu/AI/Agent-Society-v2/tests/test_alee_learner.py:224: AssertionError: assert 'refused' == 'acquired-sw-alee01'
E   AssertionError: assert {'candidate':...-use-0'], ...} == {'candidate':...-use-0'], ...}
      
      Omitting 12 identical items, use -vv to show
      Differing items:
      {'query_trace': None} != {'query_trace': []}
      Use -v to get more diff
/home/ubuntu/AI/Agent-Society-v2/tests/test_bdr01_host_boundary.py:65: AssertionError: assert {'candidate':...-use-0'], ...} == {'candidate':...-use-0'], ...}
E   AssertionError: assert {'candidate':...ay-use'], ...} == {'candidate':...ay-use'], ...}
      
      Omitting 12 identical items, use -vv to show
      Differing items:
      {'query_trace': None} != {'query_trace': [{'candidate_digest': '813ee2b6fdf94ab89a82357f21a9ddfa0d1a9f7ca0caa7b02329ab0aed57e02b', 'verdict': 'preserved', 'reason': 'ok-incumbent'}]}
      Use -v to get more diff
/home/ubuntu/AI/Agent-Society-v2/tests/test_bdr01_host_boundary.py:90: AssertionError: assert {'candidate':...ay-use'], ...} == {'candidate':...ay-use'], ...}
E   assert 0 == 1
     +  where 0 = len([])
/home/ubuntu/AI/Agent-Society-v2/tests/test_bdr01_host_boundary.py:141: assert 0 == 1
E   AssertionError: assert 'refused' == 'bdr01-pollution-canary'
      
      - bdr01-pollution-canary
      + refused
/home/ubuntu/AI/Agent-Society-v2/tests/test_bdr01_host_boundary.py:157: AssertionError: assert 'refused' == 'bdr01-pollution-canary'
E   AssertionError: validation child work never reached the model
    assert []
     +  where [] = <test_eacq_repair.ModelChildAdapter object at 0x7bb1904c13a0>.calls
/home/ubuntu/AI/Agent-Society-v2/tests/test_eacq_repair.py:222: AssertionError: validation child work never reached the model
E   AttributeError: 'GatewayError' object has no attribute 'text'
/home/ubuntu/AI/Agent-Society-v2/tests/test_eng_invb_dispatch.py:184: AttributeError: 'GatewayError' object has no attribute 'text'
=========================== short test summary info ============================
FAILED tests/test_alee_learner.py::test_cli_run_doubled_and_use_fresh_process
FAILED tests/test_bdr01_host_boundary.py::test_acquired_execution_uses_broker_profile
FAILED tests/test_bdr01_host_boundary.py::test_broker_query_count_survives_replay
FAILED tests/test_bdr01_host_boundary.py::test_store_backed_use_attributes_sandbox_operations
FAILED tests/test_bdr01_host_boundary.py::test_failed_member_falls_back_with_attribution
FAILED tests/test_eacq_repair.py::test_validation_child_work_comes_from_the_model
FAILED tests/test_eng_invb_dispatch.py::test_from_settings_honors_responses_shape
7 failed, 52 passed in 106.10s (0:01:46)
S09ISO: dropped 5 database(s) for this run
