...........F...FFFF..FF.......FFF....                                    [100%]
=================================== FAILURES ===================================
E   AssertionError: assert <ResultCode.I...nvalid_input'> == <ResultCode.A...ED: 'applied'>
      
      - applied
      + invalid_input
/home/ubuntu/AI/Agent-Society-v2/tests/test_inva_recovery.py:49: AssertionError: assert <ResultCode.I...nvalid_input'> == <ResultCode.A...ED: 'applied'>
E   AssertionError: assert False
     +  where False = <built-in method startswith of str object at 0x737158763230>('inv_c3_')
     +    where <built-in method startswith of str object at 0x737158763230> = 's09iso_5e9b0004_inv_c3_export'.startswith
/home/ubuntu/AI/Agent-Society-v2/tests/test_invc3_export.py:33: AssertionError: assert False
E   AssertionError: assert False
     +  where False = <built-in method startswith of str object at 0x7371587a6380>('inv_c3_')
     +    where <built-in method startswith of str object at 0x7371587a6380> = 's09iso_5e9b0004_inv_c3_export'.startswith
/home/ubuntu/AI/Agent-Society-v2/tests/test_invc3_export.py:33: AssertionError: assert False
E   AssertionError: assert False
     +  where False = <built-in method startswith of str object at 0x7371587a6ec0>('inv_c3_')
     +    where <built-in method startswith of str object at 0x7371587a6ec0> = 's09iso_5e9b0004_inv_c3_export'.startswith
/home/ubuntu/AI/Agent-Society-v2/tests/test_invc3_export.py:33: AssertionError: assert False
E   AssertionError: assert False
     +  where False = <built-in method startswith of str object at 0x7371587a70f0>('inv_c3_')
     +    where <built-in method startswith of str object at 0x7371587a70f0> = 's09iso_5e9b0004_inv_c3_export'.startswith
/home/ubuntu/AI/Agent-Society-v2/tests/test_invc3_export.py:33: AssertionError: assert False
E   assert False
     +  where False = all(<generator object test_complete_study_on_recordings_with_recompute.<locals>.<genexpr> at 0x737157efde50>)
/home/ubuntu/AI/Agent-Society-v2/tests/test_invc3_study.py:74: assert False
E   assert (2485, 0) == (10, 0)
      
      At index 0 diff: 2485 != 10
      Use -v to get more diff
/home/ubuntu/AI/Agent-Society-v2/tests/test_invd2_settle.py:97: assert (2485, 0) == (10, 0)
E   assert 2106 == 960
/home/ubuntu/AI/Agent-Society-v2/tests/test_invr1_study_entry.py:473: assert 2106 == 960
E   ValueError: model route preflight refused: gateway credentials are not configured
/home/ubuntu/AI/Agent-Society-v2/scripts/invl02_live.py:192: ValueError: model route preflight refused: gateway credentials are not configured
E   ValueError: model route preflight refused: gateway credentials are not configured
/home/ubuntu/AI/Agent-Society-v2/scripts/invl02_live.py:192: ValueError: model route preflight refused: gateway credentials are not configured
=========================== short test summary info ============================
FAILED tests/test_inva_recovery.py::test_receipt_identity_bound_to_operation
FAILED tests/test_invc3_export.py::test_export_emits_doubles_transitions - As...
FAILED tests/test_invc3_export.py::test_replay_refuses_mismatches_from_export
FAILED tests/test_invc3_export.py::test_byte_identity_at_receipt_validation_retention_and_use
FAILED tests/test_invc3_export.py::test_cli_export_and_offline_replay - Asser...
FAILED tests/test_invc3_study.py::test_complete_study_on_recordings_with_recompute
FAILED tests/test_invd2_settle.py::test_unbilled_model_call_settles_at_measured_tokens
FAILED tests/test_invr1_study_entry.py::test_cap_sheet_derived_and_billing_split_and_no_replenish
FAILED tests/test_m4_clean_baseline.py::test_the_live_path_now_dispatches_and_settles
FAILED tests/test_m4_clean_baseline.py::test_a_settled_receipt_is_joined_to_its_operation
10 failed, 27 passed in 99.90s (0:01:39)
S09ISO: dropped 4 database(s) for this run
