S09ISO: reclaimed 2 abandoned database(s) older than 4:00:00
........F.........F............                                          [100%]
=================================== FAILURES ===================================
E   AssertionError: assert 'idle' == 'dispatch-bulk-op1'
      
      - dispatch-bulk-op1
      + idle
/home/ubuntu/AI/Agent-Society-v2/tests/test_r01_deadline_ui.py:380: AssertionError: assert 'idle' == 'dispatch-bulk-op1'
E   AssertionError: Traceback (most recent call last):
        File "/home/ubuntu/AI/Agent-Society-v2/experiments/run_live_abc.py", line 417, in <module>
          raise SystemExit(main())
                           ^^^^^^
        File "/home/ubuntu/AI/Agent-Society-v2/experiments/run_live_abc.py", line 263, in main
          adapter, dev_ids, panel_ids, transfer_ids = _demo_double()
                                                      ^^^^^^^^^^^^^^
        File "/home/ubuntu/AI/Agent-Society-v2/experiments/run_live_abc.py", line 135, in _demo_double
          from experiments.doubles import ScriptedDouble
      ModuleNotFoundError: No module named 'experiments'
      
    assert 1 == 0
     +  where 1 = CompletedProcess(args=['/home/ubuntu/AI/Agent-Society-v2/.venv/bin/python', 'experiments/run_live_abc.py', '--dsn', 'h...mo_double\n    from experiments.doubles import ScriptedDouble\nModuleNotFoundError: No module named \'experiments\'\n').returncode
/home/ubuntu/AI/Agent-Society-v2/tests/test_r02_explearn.py:246: AssertionError: Traceback (most recent call last):
=============================== warnings summary ===============================
.venv/lib/python3.12/site-packages/fastapi/testclient.py:1
  /home/ubuntu/AI/Agent-Society-v2/.venv/lib/python3.12/site-packages/fastapi/testclient.py:1: StarletteDeprecationWarning: Using `httpx` with `starlette.testclient` is deprecated; install `httpx2` instead.
    from starlette.testclient import TestClient as TestClient  # noqa

.venv/lib/python3.12/site-packages/starlette/testclient.py:53
  /home/ubuntu/AI/Agent-Society-v2/.venv/lib/python3.12/site-packages/starlette/testclient.py:53: DeprecationWarning: The anyio.abc.BlockingPortal alias is deprecated, use anyio.from_thread.BlockingPortal instead.
    _PortalFactoryType = Callable[[], AbstractContextManager[anyio.abc.BlockingPortal]]

-- Docs: https://docs.pytest.org/en/stable/how-to/capture-warnings.html
=========================== short test summary info ============================
FAILED tests/test_r01_deadline_ui.py::test_shared_next_decision_matches_single_path
FAILED tests/test_r02_explearn.py::test_deterministic_run_reports_acquisition_and_estimates
2 failed, 29 passed, 2 warnings in 79.16s (0:01:19)
S09ISO: dropped 1 database(s) for this run
