
S09ISO: reclaimed 1 abandoned database(s) older than 4:00:00
....................F.......F...F.....................FF....FFFFFFF...F. [ 91%]
.FF...F                                                                  [100%]
=================================== FAILURES ===================================
E   AssertionError: assert 3 == 0
     +  where 3 = <function main at 0x7f8efd1fede0>(['--dsn', 'host=/var/run/postgresql user=ubuntu dbname=s09iso_5e9b0001_s09_durstate', '--allocation', 'opse2e-alloc', '--artifacts-root', '/tmp/pytest-of-ubuntu/pytest-2596/test_deterministic_episode_pas0/artifacts', ...])
     +    where <function main at 0x7f8efd1fede0> = run_dev_episode.main
     +    and   ['--dsn', 'host=/var/run/postgresql user=ubuntu dbname=s09iso_5e9b0001_s09_durstate', '--allocation', 'opse2e-alloc', '--artifacts-root', '/tmp/pytest-of-ubuntu/pytest-2596/test_deterministic_episode_pas0/artifacts', ...] = _argv('host=/var/run/postgresql user=ubuntu dbname=s09iso_5e9b0001_s09_durstate', 'opse2e', PosixPath('/tmp/pytest-of-ubuntu/pytest-2596/test_deterministic_episode_pas0/artifacts'), ('--gateway', 'fixture'))
----------------------------- Captured stdout call -----------------------------
dev episode refused: subsequent use refused:  Traceback (most recent call last):
  File "/home/ubuntu/AI/Agent-Society-v2/experiments/run_use.py", line 128, in <module>
    raise SystemExit(main())
                     ^^^^^^
  File "/home/ubuntu/AI/Agent-Society-v2/experiments/run_use.py", line 61, in main
    from experiments.run_dev_episode import _fixture_double, _live_adapter
ModuleNotFoundError: No module named 'experiments'
/home/ubuntu/AI/Agent-Society-v2/tests/test_dev01_ops.py:42: AssertionError: assert 3 == 0
E   AssertionError: assert 3 == 0
     +  where 3 = <function main at 0x7f8efd1fede0>(['--dsn', 'host=/var/run/postgresql user=ubuntu dbname=s09iso_5e9b0001_s09_durstate', '--allocation', 'opsrev-alloc', '--artifacts-root', '/tmp/pytest-of-ubuntu/pytest-2596/test_record_carries_source_rev0/artifacts', ...])
     +    where <function main at 0x7f8efd1fede0> = run_dev_episode.main
     +    and   ['--dsn', 'host=/var/run/postgresql user=ubuntu dbname=s09iso_5e9b0001_s09_durstate', '--allocation', 'opsrev-alloc', '--artifacts-root', '/tmp/pytest-of-ubuntu/pytest-2596/test_record_carries_source_rev0/artifacts', ...] = _argv('host=/var/run/postgresql user=ubuntu dbname=s09iso_5e9b0001_s09_durstate', 'opsrev', PosixPath('/tmp/pytest-of-ubuntu/pytest-2596/test_record_carries_source_rev0/artifacts'), ('--gateway', 'fixture'))
----------------------------- Captured stdout call -----------------------------
dev episode refused: subsequent use refused:  Traceback (most recent call last):
  File "/home/ubuntu/AI/Agent-Society-v2/experiments/run_use.py", line 128, in <module>
    raise SystemExit(main())
                     ^^^^^^
  File "/home/ubuntu/AI/Agent-Society-v2/experiments/run_use.py", line 61, in main
    from experiments.run_dev_episode import _fixture_double, _live_adapter
ModuleNotFoundError: No module named 'experiments'
/home/ubuntu/AI/Agent-Society-v2/tests/test_dev01_ops.py:265: AssertionError: assert 3 == 0
E   AssertionError: assert 3 == 0
     +  where 3 = <function main at 0x7f8efd1fede0>(['--dsn', 'host=/var/run/postgresql user=ubuntu dbname=s09iso_5e9b0001_s09_durstate', '--allocation', 'opseff-alloc', '--artifacts-root', '/tmp/pytest-of-ubuntu/pytest-2596/test_fixture_record_pins_effec0/artifacts', ...])
     +    where <function main at 0x7f8efd1fede0> = run_dev_episode.main
     +    and   ['--dsn', 'host=/var/run/postgresql user=ubuntu dbname=s09iso_5e9b0001_s09_durstate', '--allocation', 'opseff-alloc', '--artifacts-root', '/tmp/pytest-of-ubuntu/pytest-2596/test_fixture_record_pins_effec0/artifacts', ...] = _argv('host=/var/run/postgresql user=ubuntu dbname=s09iso_5e9b0001_s09_durstate', 'opseff', PosixPath('/tmp/pytest-of-ubuntu/pytest-2596/test_fixture_record_pins_effec0/artifacts'), ('--gateway', 'fixture'))
----------------------------- Captured stdout call -----------------------------
dev episode refused: subsequent use refused:  Traceback (most recent call last):
  File "/home/ubuntu/AI/Agent-Society-v2/experiments/run_use.py", line 128, in <module>
    raise SystemExit(main())
                     ^^^^^^
  File "/home/ubuntu/AI/Agent-Society-v2/experiments/run_use.py", line 61, in main
    from experiments.run_dev_episode import _fixture_double, _live_adapter
ModuleNotFoundError: No module named 'experiments'
/home/ubuntu/AI/Agent-Society-v2/tests/test_dev01_ops.py:367: AssertionError: assert 3 == 0
E   AssertionError: assert set() >= {'ctx10-t_500c0b07-op'}
      
      Extra items in the right set:
      'ctx10-t_500c0b07-op'
/home/ubuntu/AI/Agent-Society-v2/tests/test_dev02_context.py:514: AssertionError: assert set() >= {'ctx10-t_500c0b07-op'}
E   assert True is False
/home/ubuntu/AI/Agent-Society-v2/tests/test_dev02_context.py:535: assert True is False
E   AssertionError: assert 'refused' == 'incumbent'
      
      - incumbent
      + refused
/home/ubuntu/AI/Agent-Society-v2/tests/test_invr3_export.py:193: AssertionError: assert 'refused' == 'incumbent'
E   AssertionError: assert 'refused' == 'incumbent'
      
      - incumbent
      + refused
/home/ubuntu/AI/Agent-Society-v2/tests/test_invr3_export.py:193: AssertionError: assert 'refused' == 'incumbent'
E   AssertionError: assert 'refused' == 'incumbent'
      
      - incumbent
      + refused
/home/ubuntu/AI/Agent-Society-v2/tests/test_invr3_export.py:193: AssertionError: assert 'refused' == 'incumbent'
E   AssertionError: assert 'refused' == 'incumbent'
      
      - incumbent
      + refused
/home/ubuntu/AI/Agent-Society-v2/tests/test_invr3_export.py:193: AssertionError: assert 'refused' == 'incumbent'
E   AssertionError: assert 'refused' == 'incumbent'
      
      - incumbent
      + refused
/home/ubuntu/AI/Agent-Society-v2/tests/test_invr3_export.py:193: AssertionError: assert 'refused' == 'incumbent'
E   AssertionError: assert 'refused' == 'incumbent'
      
      - incumbent
      + refused
/home/ubuntu/AI/Agent-Society-v2/tests/test_invr3_export.py:193: AssertionError: assert 'refused' == 'incumbent'
E   AssertionError: assert 'refused' == 'incumbent'
      
      - incumbent
      + refused
/home/ubuntu/AI/Agent-Society-v2/tests/test_invr3_export.py:193: AssertionError: assert 'refused' == 'incumbent'
E   AssertionError: assert {} == {'n1': 'op:att1:n1'}
      
      Right contains 1 more item:
      {'n1': 'op:att1:n1'}
      Use -v to get more diff
/home/ubuntu/AI/Agent-Society-v2/tests/test_broker_dbos.py:124: AssertionError: assert {} == {'n1': 'op:att1:n1'}
E   KeyError: 'exposure'
/home/ubuntu/AI/Agent-Society-v2/tests/test_broker_prepare.py:57: KeyError: 'exposure'
E   AssertionError: assert <ResultCode.I...nvalid_input'> == <ResultCode.A...ED: 'applied'>
      
      - applied
      + invalid_input
/home/ubuntu/AI/Agent-Society-v2/tests/test_broker_prepare.py:68: AssertionError: assert <ResultCode.I...nvalid_input'> == <ResultCode.A...ED: 'applied'>
E   AssertionError: assert 'op2' in []
/home/ubuntu/AI/Agent-Society-v2/tests/test_agenda_repair.py:47: AssertionError: assert 'op2' in []
=============================== warnings summary ===============================
.venv/lib/python3.12/site-packages/fastapi/testclient.py:1
  /home/ubuntu/AI/Agent-Society-v2/.venv/lib/python3.12/site-packages/fastapi/testclient.py:1: StarletteDeprecationWarning: Using `httpx` with `starlette.testclient` is deprecated; install `httpx2` instead.
    from starlette.testclient import TestClient as TestClient  # noqa

.venv/lib/python3.12/site-packages/starlette/testclient.py:53
  /home/ubuntu/AI/Agent-Society-v2/.venv/lib/python3.12/site-packages/starlette/testclient.py:53: DeprecationWarning: The anyio.abc.BlockingPortal alias is deprecated, use anyio.from_thread.BlockingPortal instead.
    _PortalFactoryType = Callable[[], AbstractContextManager[anyio.abc.BlockingPortal]]

-- Docs: https://docs.pytest.org/en/stable/how-to/capture-warnings.html
=========================== short test summary info ============================
FAILED tests/test_dev01_ops.py::test_deterministic_episode_passes_end_to_end
FAILED tests/test_dev01_ops.py::test_record_carries_source_revision - Asserti...
FAILED tests/test_dev01_ops.py::test_fixture_record_pins_effective_caps_and_bundle
FAILED tests/test_dev02_context.py::test_resume_carries_working_state - Asser...
FAILED tests/test_dev02_context.py::test_revalidate_catches_working_state_change
FAILED tests/test_invr3_export.py::test_valid_pilot_verifies_from_independent_identities
FAILED tests/test_invr3_export.py::test_missing_use_record_fails_for_named_reason
FAILED tests/test_invr3_export.py::test_missing_transition_pair_fails_for_named_reason
FAILED tests/test_invr3_export.py::test_duplicate_use_record_fails_for_named_reason
FAILED tests/test_invr3_export.py::test_altered_query_totals_fail_for_named_reason
FAILED tests/test_invr3_export.py::test_omitted_correction_receipt_fails_for_named_reason
FAILED tests/test_invr3_export.py::test_missing_study_trajectory_fails_for_named_reason
FAILED tests/test_broker_dbos.py::test_record_step_replay_is_idempotent - Ass...
FAILED tests/test_broker_prepare.py::test_model_exposure_scales_with_retries
FAILED tests/test_broker_prepare.py::test_sandbox_prepare_reserves_hard_ceiling
FAILED tests/test_agenda_repair.py::test_repair_scan_converges_advanced_unsent
16 failed, 63 passed, 2 warnings in 243.92s (0:04:03)
S09ISO: dropped 2 database(s) for this run

.......................FFFFF.................FFFF....F.................. [ 83%]
..............                                                           [100%]
=================================== FAILURES ===================================
E   FileNotFoundError: [Errno 2] No such file or directory: '/home/ubuntu/AI/Agent-Society-v2/.worktrees/verif'
/usr/lib/python3.12/subprocess.py:1955: FileNotFoundError: [Errno 2] No such file or directory: '/home/ubuntu/AI/Agent-Society-v2/.worktrees/verif'
E   FileNotFoundError: [Errno 2] No such file or directory: '/home/ubuntu/AI/Agent-Society-v2/.worktrees/verif'
/usr/lib/python3.12/subprocess.py:1955: FileNotFoundError: [Errno 2] No such file or directory: '/home/ubuntu/AI/Agent-Society-v2/.worktrees/verif'
E   FileNotFoundError: [Errno 2] No such file or directory: '/home/ubuntu/AI/Agent-Society-v2/.worktrees/verif'
/usr/lib/python3.12/subprocess.py:1955: FileNotFoundError: [Errno 2] No such file or directory: '/home/ubuntu/AI/Agent-Society-v2/.worktrees/verif'
E   AssertionError: fatal: repository '/home/ubuntu/AI/Agent-Society-v2/.worktrees/verif' does not exist
      
    assert 128 == 0
     +  where 128 = CompletedProcess(args=['git', 'clone', '-q', '/home/ubuntu/AI/Agent-Society-v2/.worktrees/verif', '/tmp/pytest-of-ubun...rncode=128, stdout='', stderr="fatal: repository '/home/ubuntu/AI/Agent-Society-v2/.worktrees/verif' does not exist\n").returncode
/home/ubuntu/AI/Agent-Society-v2/tests/test_ec02ad_verif.py:1078: AssertionError: fatal: repository '/home/ubuntu/AI/Agent-Society-v2/.worktrees/verif' does not exist
E   AssertionError: original probe file missing from tip
    assert False
     +  where False = is_file()
     +    where is_file = PosixPath('/home/ubuntu/AI/Agent-Society-v2/.worktrees/verif/reviews/probes/ec02_completion_review.py').is_file
/home/ubuntu/AI/Agent-Society-v2/tests/test_ec02ad_verif.py:1123: AssertionError: original probe file missing from tip
E   AssertionError: assert 'failure' == 'unknown'
      
      - unknown
      + failure
/home/ubuntu/AI/Agent-Society-v2/tests/test_gateway_usage_unknown.py:232: AssertionError: assert 'failure' == 'unknown'
E   AssertionError: assert 'failure' == 'unknown'
      
      - unknown
      + failure
/home/ubuntu/AI/Agent-Society-v2/tests/test_gateway_usage_unknown.py:232: AssertionError: assert 'failure' == 'unknown'
E   AssertionError: assert 'failure' == 'unknown'
      
      - unknown
      + failure
/home/ubuntu/AI/Agent-Society-v2/tests/test_gateway_usage_unknown.py:247: AssertionError: assert 'failure' == 'unknown'
E   AssertionError: assert 'failure' == 'unknown'
      
      - unknown
      + failure
/home/ubuntu/AI/Agent-Society-v2/tests/test_gateway_usage_unknown.py:247: AssertionError: assert 'failure' == 'unknown'
E   AssertionError: assert <ResultCode.I...nvalid_input'> == <ResultCode.A...ED: 'applied'>
      
      - applied
      + invalid_input
/home/ubuntu/AI/Agent-Society-v2/tests/test_steward_leases.py:41: AssertionError: assert <ResultCode.I...nvalid_input'> == <ResultCode.A...ED: 'applied'>
=============================== warnings summary ===============================
.venv/lib/python3.12/site-packages/fastapi/testclient.py:1
  /home/ubuntu/AI/Agent-Society-v2/.venv/lib/python3.12/site-packages/fastapi/testclient.py:1: StarletteDeprecationWarning: Using `httpx` with `starlette.testclient` is deprecated; install `httpx2` instead.
    from starlette.testclient import TestClient as TestClient  # noqa

.venv/lib/python3.12/site-packages/starlette/testclient.py:53
  /home/ubuntu/AI/Agent-Society-v2/.venv/lib/python3.12/site-packages/starlette/testclient.py:53: DeprecationWarning: The anyio.abc.BlockingPortal alias is deprecated, use anyio.from_thread.BlockingPortal instead.
    _PortalFactoryType = Callable[[], AbstractContextManager[anyio.abc.BlockingPortal]]

-- Docs: https://docs.pytest.org/en/stable/how-to/capture-warnings.html
=========================== short test summary info ============================
FAILED tests/test_ec02ad_verif.py::test_verif_ad01_sigkill_resume_same_campaign_no_dup_spend
FAILED tests/test_ec02ad_verif.py::test_verif_ad01_resume_spend_equals_direct_run
FAILED tests/test_ec02ad_verif.py::test_verif_fresh_checkout_premises_tracked_no_scratch_deps
FAILED tests/test_ec02ad_verif.py::test_verif_fresh_clone_import_and_collect
FAILED tests/test_ec02ad_verif.py::test_verif_original_probe_retired_stamp_channel_deleted
FAILED tests/test_gateway_usage_unknown.py::test_malformed_usage_preserves_partial_evidence_and_reservation[chat]
FAILED tests/test_gateway_usage_unknown.py::test_malformed_usage_preserves_partial_evidence_and_reservation[responses]
FAILED tests/test_gateway_usage_unknown.py::test_noncanonical_scale_does_not_settle_provider_charge[chat]
FAILED tests/test_gateway_usage_unknown.py::test_noncanonical_scale_does_not_settle_provider_charge[responses]
FAILED tests/test_steward_leases.py::test_lease_expiry_refuses_stale_dispatch_and_fulfill_but_keeps_observation
10 failed, 76 passed, 2 warnings in 174.90s (0:02:54)
S09ISO: dropped 3 database(s) for this run

..........................FFF...FF...F..................F..              [100%]
=================================== FAILURES ===================================
E   AssertionError: assert 'refused' == 'acquired-sw-alee01'
      
      - acquired-sw-alee01
      + refused
/home/ubuntu/AI/Agent-Society-v2/tests/test_alee_learner.py:224: AssertionError: assert 'refused' == 'acquired-sw-alee01'
E   AssertionError: assert {'candidate':...-use-0'], ...} == {'candidate':...-use-0'], ...}
      
      Omitting 12 identical items, use -vv to show
      Differing items:
      {'query_trace': None} != {'query_trace': []}
      Use -v to get more diff
/home/ubuntu/AI/Agent-Society-v2/tests/test_bdr01_host_boundary.py:65: AssertionError: assert {'candidate':...-use-0'], ...} == {'candidate':...-use-0'], ...}
E   AssertionError: assert {'candidate':...ay-use'], ...} == {'candidate':...ay-use'], ...}
      
      Omitting 12 identical items, use -vv to show
      Differing items:
      {'query_trace': None} != {'query_trace': [{'candidate_digest': '813ee2b6fdf94ab89a82357f21a9ddfa0d1a9f7ca0caa7b02329ab0aed57e02b', 'verdict': 'preserved', 'reason': 'ok-incumbent'}]}
      Use -v to get more diff
/home/ubuntu/AI/Agent-Society-v2/tests/test_bdr01_host_boundary.py:90: AssertionError: assert {'candidate':...ay-use'], ...} == {'candidate':...ay-use'], ...}
E   assert 0 == 1
     +  where 0 = len([])
/home/ubuntu/AI/Agent-Society-v2/tests/test_bdr01_host_boundary.py:141: assert 0 == 1
E   AssertionError: assert 'refused' == 'bdr01-pollution-canary'
      
      - bdr01-pollution-canary
      + refused
/home/ubuntu/AI/Agent-Society-v2/tests/test_bdr01_host_boundary.py:157: AssertionError: assert 'refused' == 'bdr01-pollution-canary'
E   AssertionError: validation child work never reached the model
    assert []
     +  where [] = <test_eacq_repair.ModelChildAdapter object at 0x7bb1904c13a0>.calls
/home/ubuntu/AI/Agent-Society-v2/tests/test_eacq_repair.py:222: AssertionError: validation child work never reached the model
E   AttributeError: 'GatewayError' object has no attribute 'text'
/home/ubuntu/AI/Agent-Society-v2/tests/test_eng_invb_dispatch.py:184: AttributeError: 'GatewayError' object has no attribute 'text'
=========================== short test summary info ============================
FAILED tests/test_alee_learner.py::test_cli_run_doubled_and_use_fresh_process
FAILED tests/test_bdr01_host_boundary.py::test_acquired_execution_uses_broker_profile
FAILED tests/test_bdr01_host_boundary.py::test_broker_query_count_survives_replay
FAILED tests/test_bdr01_host_boundary.py::test_store_backed_use_attributes_sandbox_operations
FAILED tests/test_bdr01_host_boundary.py::test_failed_member_falls_back_with_attribution
FAILED tests/test_eacq_repair.py::test_validation_child_work_comes_from_the_model
FAILED tests/test_eng_invb_dispatch.py::test_from_settings_honors_responses_shape
7 failed, 52 passed in 106.10s (0:01:46)
S09ISO: dropped 5 database(s) for this run

...........F...FFFF..FF.......FFF....                                    [100%]
=================================== FAILURES ===================================
E   AssertionError: assert <ResultCode.I...nvalid_input'> == <ResultCode.A...ED: 'applied'>
      
      - applied
      + invalid_input
/home/ubuntu/AI/Agent-Society-v2/tests/test_inva_recovery.py:49: AssertionError: assert <ResultCode.I...nvalid_input'> == <ResultCode.A...ED: 'applied'>
E   AssertionError: assert False
     +  where False = <built-in method startswith of str object at 0x737158763230>('inv_c3_')
     +    where <built-in method startswith of str object at 0x737158763230> = 's09iso_5e9b0004_inv_c3_export'.startswith
/home/ubuntu/AI/Agent-Society-v2/tests/test_invc3_export.py:33: AssertionError: assert False
E   AssertionError: assert False
     +  where False = <built-in method startswith of str object at 0x7371587a6380>('inv_c3_')
     +    where <built-in method startswith of str object at 0x7371587a6380> = 's09iso_5e9b0004_inv_c3_export'.startswith
/home/ubuntu/AI/Agent-Society-v2/tests/test_invc3_export.py:33: AssertionError: assert False
E   AssertionError: assert False
     +  where False = <built-in method startswith of str object at 0x7371587a6ec0>('inv_c3_')
     +    where <built-in method startswith of str object at 0x7371587a6ec0> = 's09iso_5e9b0004_inv_c3_export'.startswith
/home/ubuntu/AI/Agent-Society-v2/tests/test_invc3_export.py:33: AssertionError: assert False
E   AssertionError: assert False
     +  where False = <built-in method startswith of str object at 0x7371587a70f0>('inv_c3_')
     +    where <built-in method startswith of str object at 0x7371587a70f0> = 's09iso_5e9b0004_inv_c3_export'.startswith
/home/ubuntu/AI/Agent-Society-v2/tests/test_invc3_export.py:33: AssertionError: assert False
E   assert False
     +  where False = all(<generator object test_complete_study_on_recordings_with_recompute.<locals>.<genexpr> at 0x737157efde50>)
/home/ubuntu/AI/Agent-Society-v2/tests/test_invc3_study.py:74: assert False
E   assert (2485, 0) == (10, 0)
      
      At index 0 diff: 2485 != 10
      Use -v to get more diff
/home/ubuntu/AI/Agent-Society-v2/tests/test_invd2_settle.py:97: assert (2485, 0) == (10, 0)
E   assert 2106 == 960
/home/ubuntu/AI/Agent-Society-v2/tests/test_invr1_study_entry.py:473: assert 2106 == 960
E   ValueError: model route preflight refused: gateway credentials are not configured
/home/ubuntu/AI/Agent-Society-v2/scripts/invl02_live.py:192: ValueError: model route preflight refused: gateway credentials are not configured
E   ValueError: model route preflight refused: gateway credentials are not configured
/home/ubuntu/AI/Agent-Society-v2/scripts/invl02_live.py:192: ValueError: model route preflight refused: gateway credentials are not configured
=========================== short test summary info ============================
FAILED tests/test_inva_recovery.py::test_receipt_identity_bound_to_operation
FAILED tests/test_invc3_export.py::test_export_emits_doubles_transitions - As...
FAILED tests/test_invc3_export.py::test_replay_refuses_mismatches_from_export
FAILED tests/test_invc3_export.py::test_byte_identity_at_receipt_validation_retention_and_use
FAILED tests/test_invc3_export.py::test_cli_export_and_offline_replay - Asser...
FAILED tests/test_invc3_study.py::test_complete_study_on_recordings_with_recompute
FAILED tests/test_invd2_settle.py::test_unbilled_model_call_settles_at_measured_tokens
FAILED tests/test_invr1_study_entry.py::test_cap_sheet_derived_and_billing_split_and_no_replenish
FAILED tests/test_m4_clean_baseline.py::test_the_live_path_now_dispatches_and_settles
FAILED tests/test_m4_clean_baseline.py::test_a_settled_receipt_is_joined_to_its_operation
10 failed, 27 passed in 99.90s (0:01:39)
S09ISO: dropped 4 database(s) for this run

S09ISO: reclaimed 2 abandoned database(s) older than 4:00:00
........F.........F............                                          [100%]
=================================== FAILURES ===================================
E   AssertionError: assert 'idle' == 'dispatch-bulk-op1'
      
      - dispatch-bulk-op1
      + idle
/home/ubuntu/AI/Agent-Society-v2/tests/test_r01_deadline_ui.py:380: AssertionError: assert 'idle' == 'dispatch-bulk-op1'
E   AssertionError: Traceback (most recent call last):
        File "/home/ubuntu/AI/Agent-Society-v2/experiments/run_live_abc.py", line 417, in <module>
          raise SystemExit(main())
                           ^^^^^^
        File "/home/ubuntu/AI/Agent-Society-v2/experiments/run_live_abc.py", line 263, in main
          adapter, dev_ids, panel_ids, transfer_ids = _demo_double()
                                                      ^^^^^^^^^^^^^^
        File "/home/ubuntu/AI/Agent-Society-v2/experiments/run_live_abc.py", line 135, in _demo_double
          from experiments.doubles import ScriptedDouble
      ModuleNotFoundError: No module named 'experiments'
      
    assert 1 == 0
     +  where 1 = CompletedProcess(args=['/home/ubuntu/AI/Agent-Society-v2/.venv/bin/python', 'experiments/run_live_abc.py', '--dsn', 'h...mo_double\n    from experiments.doubles import ScriptedDouble\nModuleNotFoundError: No module named \'experiments\'\n').returncode
/home/ubuntu/AI/Agent-Society-v2/tests/test_r02_explearn.py:246: AssertionError: Traceback (most recent call last):
=============================== warnings summary ===============================
.venv/lib/python3.12/site-packages/fastapi/testclient.py:1
  /home/ubuntu/AI/Agent-Society-v2/.venv/lib/python3.12/site-packages/fastapi/testclient.py:1: StarletteDeprecationWarning: Using `httpx` with `starlette.testclient` is deprecated; install `httpx2` instead.
    from starlette.testclient import TestClient as TestClient  # noqa

.venv/lib/python3.12/site-packages/starlette/testclient.py:53
  /home/ubuntu/AI/Agent-Society-v2/.venv/lib/python3.12/site-packages/starlette/testclient.py:53: DeprecationWarning: The anyio.abc.BlockingPortal alias is deprecated, use anyio.from_thread.BlockingPortal instead.
    _PortalFactoryType = Callable[[], AbstractContextManager[anyio.abc.BlockingPortal]]

-- Docs: https://docs.pytest.org/en/stable/how-to/capture-warnings.html
=========================== short test summary info ============================
FAILED tests/test_r01_deadline_ui.py::test_shared_next_decision_matches_single_path
FAILED tests/test_r02_explearn.py::test_deterministic_run_reports_acquisition_and_estimates
2 failed, 29 passed, 2 warnings in 79.16s (0:01:19)
S09ISO: dropped 1 database(s) for this run

.......F
........F.....FFF...FF                                                   [100%]
=================================== FAILURES ===================================
E   AssertionError: assert False
     +  where False = <built-in method startswith of str object at 0x731d349436f0>('token-length estimate')
     +    where <built-in method startswith of str object at 0x731d349436f0> = 'provider receipt usage; not a billing measure'.startswith
/home/ubuntu/AI/Agent-Society-v2/tests/test_dev01_compare.py:216: AssertionError: assert False
E   AssertionError: assert False
     +  where False = <built-in method startswith of str object at 0x731d349e3cb0>('postgresql://')
     +    where <built-in method startswith of str object at 0x731d349e3cb0> = 'host=/var/run/postgresql user=ubuntu dbname=s09iso_5e9b0007_s09_durstate'.startswith
/home/ubuntu/AI/Agent-Society-v2/tests/test_rpr01_db.py:23: AssertionError: assert False
E   AssertionError: assert {'candidate':...-use-0'], ...} == {'candidate':...-use-0'], ...}
      
      Omitting 12 identical items, use -vv to show
      Differing items:
      {'query_trace': None} != {'query_trace': []}
      Use -v to get more diff
/home/ubuntu/AI/Agent-Society-v2/tests/test_bdr01_host_boundary.py:65: AssertionError: assert {'candidate':...-use-0'], ...} == {'candidate':...-use-0'], ...}
E   AssertionError: assert {'candidate':...ay-use'], ...} == {'candidate':...ay-use'], ...}
      
      Omitting 12 identical items, use -vv to show
      Differing items:
      {'query_trace': None} != {'query_trace': [{'candidate_digest': '813ee2b6fdf94ab89a82357f21a9ddfa0d1a9f7ca0caa7b02329ab0aed57e02b', 'verdict': 'preserved', 'reason': 'ok-incumbent'}]}
      Use -v to get more diff
/home/ubuntu/AI/Agent-Society-v2/tests/test_bdr01_host_boundary.py:90: AssertionError: assert {'candidate':...ay-use'], ...} == {'candidate':...ay-use'], ...}
E   assert 0 == 1
     +  where 0 = len([])
/home/ubuntu/AI/Agent-Society-v2/tests/test_bdr01_host_boundary.py:141: assert 0 == 1
E   AssertionError: assert 'refused' == 'bdr01-pollution-canary'
      
      - bdr01-pollution-canary
      + refused
/home/ubuntu/AI/Agent-Society-v2/tests/test_bdr01_host_boundary.py:157: AssertionError: assert 'refused' == 'bdr01-pollution-canary'
=========================== short test summary info ============================
FAILED tests/test_dev01_compare.py::test_dev06_abc_affordances_and_accounting
FAILED tests/test_rpr01_db.py::test_lane_database_is_real_postgresql_16 - Ass...
FAILED tests/test_bdr01_host_boundary.py::test_acquired_execution_uses_broker_profile
FAILED tests/test_bdr01_host_boundary.py::test_broker_query_count_survives_replay
FAILED tests/test_bdr01_host_boundary.py::test_store_backed_use_attributes_sandbox_operations
FAILED tests/test_bdr01_host_boundary.py::test_failed_member_falls_back_with_attribution
6 failed, 16 passed in 70.60s (0:01:10)
S09ISO: dropped 2 database(s) for this run

.                                                                        [100%]
1 passed in 132.69s (0:02:12)
S09ISO: dropped 1 database(s) for this run

..                                                                       [100%]
2 passed in 208.52s (0:03:28)
S09ISO: dropped 1 database(s) for this run

.F                                                                       [100%]
=================================== FAILURES ===================================
E   AssertionError: ['score-without-oracle-evidence B-gr-eva-00', 'score-without-oracle-evidence B-gr-eva-01', 'score-without-oracle-evide...e-evidence B-gr-eva-03', 'score-without-oracle-evidence B-gr-eva-04', 'score-without-oracle-evidence B-gr-eva-05', ...]
    assert False
/home/ubuntu/AI/Agent-Society-v2/tests/test_rpr13_endtoend.py:466: AssertionError: ['score-without-oracle-evidence B-gr-eva-00', 'score-without-oracle-evidence B-gr-eva-01', 'score-without-oracle-evide...e-evidence B-gr-eva-03', 'score-without-oracle-evidence B-gr-eva-04', 'score-without-oracle-evidence B-gr-eva-05', ...]
=========================== short test summary info ============================
FAILED tests/test_rpr13_endtoend.py::test_no_candidate_path - AssertionError:...
1 failed, 1 passed in 139.61s (0:02:19)
S09ISO: dropped 1 database(s) for this run

..                                                                       [100%]
2 passed in 148.38s (0:02:28)
S09ISO: dropped 1 database(s) for this run

F..............F..............                                           [100%]
=================================== FAILURES ===================================
E   AssertionError: assert 'refused' == 'acquired-sw-greedy-r1'
      
      - acquired-sw-greedy-r1
      + refused
/home/ubuntu/AI/Agent-Society-v2/tests/test_bacq_method.py:52: AssertionError: assert 'refused' == 'acquired-sw-greedy-r1'
E   AssertionError: assert 'fallback-gateway-error' == 'fallback-timeout'
      
      - fallback-timeout
      + fallback-gateway-error
/home/ubuntu/AI/Agent-Society-v2/tests/test_team_live.py:177: AssertionError: assert 'fallback-gateway-error' == 'fallback-timeout'
=========================== short test summary info ============================
FAILED tests/test_bacq_method.py::test_run_use_executes_outside_menu_member_bytes
FAILED tests/test_team_live.py::test_live_planner_falls_back_honestly_on_gateway_error
2 failed, 28 passed in 85.21s (0:01:25)
S09ISO: dropped 1 database(s) for this run

..........................F...                                           [100%]
=================================== FAILURES ===================================
E   assert False is True
/home/ubuntu/AI/Agent-Society-v2/tests/test_m1_shared_executor.py:542: assert False is True
=========================== short test summary info ============================
FAILED tests/test_m1_shared_executor.py::test_default_method_fallback_reports_selected_identity
1 failed, 29 passed in 17.84s
S09ISO: dropped 1 database(s) for this run

.........                                                                [100%]
9 passed in 24.46s
S09ISO: dropped 1 database(s) for this run

.........                                                                [100%]
9 passed in 70.25s (0:01:10)
S09ISO: dropped 1 database(s) for this run

..............................................F................          [100%]
=================================== FAILURES ===================================
E   AssertionError: production code under experiments/ now reaches the study-call path, so the LIKE fallback is a live second source of truth and removing it would be wrong: ['experiments/ad01/e3_ladder.py', 'experiments/ad01/s09_m3_pilot.py']
    assert ['experiments..._m3_pilot.py'] == []
      
      Left contains 2 more items, first extra item: 'experiments/ad01/e3_ladder.py'
      Use -v to get more diff
/home/ubuntu/AI/Agent-Society-v2/tests/test_s09_store_cleanup.py:421: AssertionError: production code under experiments/ now reaches the study-call path, so the LIKE fallback is a live second source of truth and removing it would be wrong: ['experiments/ad01/e3_ladder.py', 'experiments/ad01/s09_m3_pilot.py']
=========================== short test summary info ============================
FAILED tests/test_s09_store_cleanup.py::test_c_the_study_admission_path_has_no_production_caller[experiments]
1 failed, 62 passed in 74.96s (0:01:14)
S09ISO: dropped 1 database(s) for this run

..............F................F.........                                [100%]
=================================== FAILURES ===================================
E   AssertionError: assert False
     +  where False = DispatchStatus(operation_id='ag01:scratch-wake:probe:1', dispatch_state='observed', reconcile_state='none', cancel_state='none', settled=False, sent_this_call=False, next_decision='needs-reconciliation').sent_this_call
     +    where DispatchStatus(operation_id='ag01:scratch-wake:probe:1', dispatch_state='observed', reconcile_state='none', cancel_state='none', settled=False, sent_this_call=False, next_decision='needs-reconciliation') = dispatch_probe('ag01:scratch-wake:probe:1')
     +      where dispatch_probe = <experiments.agenda01.runner.AgendaBackend object at 0x774b45ae3860>.dispatch_probe
/home/ubuntu/AI/Agent-Society-v2/tests/test_ag01_experiment.py:377: AssertionError: assert False
E   RuntimeError: dispatch ag01:w08v0_r_t0:probe:7 left receipts missing: ['w08v0_r_t0:rc:att-s-deep-deep:p3']
/home/ubuntu/AI/Agent-Society-v2/experiments/agenda01/runner.py:532: RuntimeError: dispatch ag01:w08v0_r_t0:probe:7 left receipts missing: ['w08v0_r_t0:rc:att-s-deep-deep:p3']
=========================== short test summary info ============================
FAILED tests/test_ag01_experiment.py::test_duplicate_outoforder_wakeup_single_effect
FAILED tests/test_ag01_experiment.py::test_duplicate_effect_decisions_charged
2 failed, 39 passed in 134.06s (0:02:14)
S09ISO: dropped 1 database(s) for this run

...........................                                              [100%]
27 passed in 57.82s
S09ISO: dropped 2 database(s) for this run

................................s                                        [100%]
32 passed, 1 skipped in 9.12s
S09ISO: dropped 1 database(s) for this run
